Analysis & Synthesis report for MultiCycleRiscV_pre3
Tue Apr 28 18:26:45 2026
Quartus Prime Version 25.1std.0 Build 1129 10/21/2025 SC Lite Edition


---------------------
; Table of Contents ;
---------------------
  1. Legal Notice
  2. Analysis & Synthesis Summary
  3. Analysis & Synthesis Settings
  4. Parallel Compilation
  5. Analysis & Synthesis Source Files Read
  6. Analysis & Synthesis Resource Usage Summary
  7. Analysis & Synthesis Resource Utilization by Entity
  8. Analysis & Synthesis RAM Summary
  9. State Machine - |top|riscv:rv|controller:c|mainfsm:fsm|state
 10. Registers Removed During Synthesis
 11. General Register Statistics
 12. Registers Added for RAM Pass-Through Logic
 13. Multiplexer Restructuring Statistics (Restructuring Performed)
 14. Source assignments for riscv:rv|datapath:dp|regfile:rf|altsyncram:rf_rtl_0|altsyncram_d2k1:auto_generated
 15. Source assignments for riscv:rv|datapath:dp|regfile:rf|altsyncram:rf_rtl_1|altsyncram_d2k1:auto_generated
 16. Parameter Settings for User Entity Instance: riscv:rv|datapath:dp|flopenr:pcreg
 17. Parameter Settings for User Entity Instance: riscv:rv|datapath:dp|mux2:adrmux
 18. Parameter Settings for User Entity Instance: riscv:rv|datapath:dp|flopenr:instrreg
 19. Parameter Settings for User Entity Instance: riscv:rv|datapath:dp|flopr:oldpcreg
 20. Parameter Settings for User Entity Instance: riscv:rv|datapath:dp|flopr:datareg
 21. Parameter Settings for User Entity Instance: riscv:rv|datapath:dp|flopr:areg
 22. Parameter Settings for User Entity Instance: riscv:rv|datapath:dp|flopr:breg
 23. Parameter Settings for User Entity Instance: riscv:rv|datapath:dp|mux3:srcamux
 24. Parameter Settings for User Entity Instance: riscv:rv|datapath:dp|mux3:srcbmux
 25. Parameter Settings for User Entity Instance: riscv:rv|datapath:dp|flopr:aluoutreg
 26. Parameter Settings for User Entity Instance: riscv:rv|datapath:dp|mux3:resmux
 27. Parameter Settings for Inferred Entity Instance: riscv:rv|datapath:dp|regfile:rf|altsyncram:rf_rtl_0
 28. Parameter Settings for Inferred Entity Instance: riscv:rv|datapath:dp|regfile:rf|altsyncram:rf_rtl_1
 29. altsyncram Parameter Settings by Entity Instance
 30. Port Connectivity Checks: "riscv:rv|datapath:dp|mux3:srcbmux"
 31. Port Connectivity Checks: "riscv:rv|datapath:dp"
 32. Post-Synthesis Netlist Statistics for Top Partition
 33. Elapsed Time Per Partition
 34. Analysis & Synthesis Messages
 35. Analysis & Synthesis Suppressed Messages



----------------
; Legal Notice ;
----------------
Copyright (C) 2025  Altera Corporation. All rights reserved.
Your use of Altera Corporation's design tools, logic functions 
and other software and tools, and any partner logic 
functions, and any output files from any of the foregoing 
(including device programming or simulation files), and any 
associated documentation or information are expressly subject 
to the terms and conditions of the Altera Program License 
Subscription Agreement, the Altera Quartus Prime License Agreement,
the Altera IP License Agreement, or other applicable license
agreement, including, without limitation, that your use is for
the sole purpose of programming logic devices manufactured by
Altera and sold by Altera or its authorized distributors.  Please
refer to the Altera Software License Subscription Agreements 
on the Quartus Prime software download page.



+-----------------------------------------------------------------------------------+
; Analysis & Synthesis Summary                                                      ;
+---------------------------------+-------------------------------------------------+
; Analysis & Synthesis Status     ; Successful - Tue Apr 28 18:26:45 2026           ;
; Quartus Prime Version           ; 25.1std.0 Build 1129 10/21/2025 SC Lite Edition ;
; Revision Name                   ; MultiCycleRiscV_pre3                            ;
; Top-level Entity Name           ; top                                             ;
; Family                          ; Cyclone V                                       ;
; Logic utilization (in ALMs)     ; N/A                                             ;
; Total registers                 ; 2435                                            ;
; Total pins                      ; 67                                              ;
; Total virtual pins              ; 0                                               ;
; Total block memory bits         ; 2,048                                           ;
; Total DSP Blocks                ; 0                                               ;
; Total HSSI RX PCSs              ; 0                                               ;
; Total HSSI PMA RX Deserializers ; 0                                               ;
; Total HSSI TX PCSs              ; 0                                               ;
; Total HSSI PMA TX Serializers   ; 0                                               ;
; Total PLLs                      ; 0                                               ;
; Total DLLs                      ; 0                                               ;
+---------------------------------+-------------------------------------------------+


+-----------------------------------------------------------------------------------------------------------------------------+
; Analysis & Synthesis Settings                                                                                               ;
+---------------------------------------------------------------------------------+--------------------+----------------------+
; Option                                                                          ; Setting            ; Default Value        ;
+---------------------------------------------------------------------------------+--------------------+----------------------+
; Device                                                                          ; 5CGXFC7C6F23C7     ;                      ;
; Top-level entity name                                                           ; top                ; MultiCycleRiscV_pre3 ;
; Family name                                                                     ; Cyclone V          ; Cyclone V            ;
; Use smart compilation                                                           ; Off                ; Off                  ;
; Enable parallel Assembler and Timing Analyzer during compilation                ; On                 ; On                   ;
; Enable compact report table                                                     ; Off                ; Off                  ;
; Restructure Multiplexers                                                        ; Auto               ; Auto                 ;
; MLAB Add Timing Constraints For Mixed-Port Feed-Through Mode Setting Don't Care ; Off                ; Off                  ;
; Create Debugging Nodes for IP Cores                                             ; Off                ; Off                  ;
; Preserve fewer node names                                                       ; On                 ; On                   ;
; Intel FPGA IP Evaluation Mode                                                   ; Enable             ; Enable               ;
; Verilog Version                                                                 ; Verilog_2001       ; Verilog_2001         ;
; VHDL Version                                                                    ; VHDL_1993          ; VHDL_1993            ;
; State Machine Processing                                                        ; Auto               ; Auto                 ;
; Safe State Machine                                                              ; Off                ; Off                  ;
; Extract Verilog State Machines                                                  ; On                 ; On                   ;
; Extract VHDL State Machines                                                     ; On                 ; On                   ;
; Ignore Verilog initial constructs                                               ; Off                ; Off                  ;
; Iteration limit for constant Verilog loops                                      ; 5000               ; 5000                 ;
; Iteration limit for non-constant Verilog loops                                  ; 250                ; 250                  ;
; Add Pass-Through Logic to Inferred RAMs                                         ; On                 ; On                   ;
; Infer RAMs from Raw Logic                                                       ; On                 ; On                   ;
; Parallel Synthesis                                                              ; On                 ; On                   ;
; DSP Block Balancing                                                             ; Auto               ; Auto                 ;
; NOT Gate Push-Back                                                              ; On                 ; On                   ;
; Power-Up Don't Care                                                             ; On                 ; On                   ;
; Remove Redundant Logic Cells                                                    ; Off                ; Off                  ;
; Remove Duplicate Registers                                                      ; On                 ; On                   ;
; Ignore CARRY Buffers                                                            ; Off                ; Off                  ;
; Ignore CASCADE Buffers                                                          ; Off                ; Off                  ;
; Ignore GLOBAL Buffers                                                           ; Off                ; Off                  ;
; Ignore ROW GLOBAL Buffers                                                       ; Off                ; Off                  ;
; Ignore LCELL Buffers                                                            ; Off                ; Off                  ;
; Ignore SOFT Buffers                                                             ; On                 ; On                   ;
; Limit AHDL Integers to 32 Bits                                                  ; Off                ; Off                  ;
; Optimization Technique                                                          ; Balanced           ; Balanced             ;
; Carry Chain Length                                                              ; 70                 ; 70                   ;
; Auto Carry Chains                                                               ; On                 ; On                   ;
; Auto Open-Drain Pins                                                            ; On                 ; On                   ;
; Perform WYSIWYG Primitive Resynthesis                                           ; Off                ; Off                  ;
; Auto ROM Replacement                                                            ; On                 ; On                   ;
; Auto RAM Replacement                                                            ; On                 ; On                   ;
; Auto DSP Block Replacement                                                      ; On                 ; On                   ;
; Auto Shift Register Replacement                                                 ; Auto               ; Auto                 ;
; Allow Shift Register Merging across Hierarchies                                 ; Auto               ; Auto                 ;
; Auto Clock Enable Replacement                                                   ; On                 ; On                   ;
; Strict RAM Replacement                                                          ; Off                ; Off                  ;
; Allow Synchronous Control Signals                                               ; On                 ; On                   ;
; Force Use of Synchronous Clear Signals                                          ; Off                ; Off                  ;
; Auto Resource Sharing                                                           ; Off                ; Off                  ;
; Allow Any RAM Size For Recognition                                              ; Off                ; Off                  ;
; Allow Any ROM Size For Recognition                                              ; Off                ; Off                  ;
; Allow Any Shift Register Size For Recognition                                   ; Off                ; Off                  ;
; Use LogicLock Constraints during Resource Balancing                             ; On                 ; On                   ;
; Ignore translate_off and synthesis_off directives                               ; Off                ; Off                  ;
; Timing-Driven Synthesis                                                         ; On                 ; On                   ;
; Report Parameter Settings                                                       ; On                 ; On                   ;
; Report Source Assignments                                                       ; On                 ; On                   ;
; Report Connectivity Checks                                                      ; On                 ; On                   ;
; Ignore Maximum Fan-Out Assignments                                              ; Off                ; Off                  ;
; Synchronization Register Chain Length                                           ; 3                  ; 3                    ;
; Power Optimization During Synthesis                                             ; Normal compilation ; Normal compilation   ;
; HDL message level                                                               ; Level2             ; Level2               ;
; Suppress Register Optimization Related Messages                                 ; Off                ; Off                  ;
; Number of Removed Registers Reported in Synthesis Report                        ; 5000               ; 5000                 ;
; Number of Swept Nodes Reported in Synthesis Report                              ; 5000               ; 5000                 ;
; Number of Inverted Registers Reported in Synthesis Report                       ; 100                ; 100                  ;
; Clock MUX Protection                                                            ; On                 ; On                   ;
; Auto Gated Clock Conversion                                                     ; Off                ; Off                  ;
; Block Design Naming                                                             ; Auto               ; Auto                 ;
; SDC constraint protection                                                       ; Off                ; Off                  ;
; Synthesis Effort                                                                ; Auto               ; Auto                 ;
; Shift Register Replacement - Allow Asynchronous Clear Signal                    ; On                 ; On                   ;
; Pre-Mapping Resynthesis Optimization                                            ; Off                ; Off                  ;
; Analysis & Synthesis Message Level                                              ; Medium             ; Medium               ;
; Disable Register Merging Across Hierarchies                                     ; Auto               ; Auto                 ;
; Resource Aware Inference For Block RAM                                          ; On                 ; On                   ;
; Automatic Parallel Synthesis                                                    ; On                 ; On                   ;
; Partial Reconfiguration Bitstream ID                                            ; Off                ; Off                  ;
+---------------------------------------------------------------------------------+--------------------+----------------------+


+------------------------------------------+
; Parallel Compilation                     ;
+----------------------------+-------------+
; Processors                 ; Number      ;
+----------------------------+-------------+
; Number detected on machine ; 12          ;
; Maximum allowed            ; 10          ;
;                            ;             ;
; Average used               ; 1.00        ;
; Maximum used               ; 10          ;
;                            ;             ;
; Usage by Processor         ; % Time Used ;
;     Processor 1            ; 100.0%      ;
;     Processor 2            ;   0.1%      ;
;     Processor 3            ;   0.0%      ;
;     Processor 4            ;   0.0%      ;
;     Processor 5            ;   0.0%      ;
;     Processor 6            ;   0.0%      ;
;     Processor 7            ;   0.0%      ;
;     Processors 8-10        ;   0.0%      ;
+----------------------------+-------------+


+---------------------------------------------------------------------------------------------------------------------------------------------------------------------------------+
; Analysis & Synthesis Source Files Read                                                                                                                                          ;
+----------------------------------+-----------------+------------------------------+-----------------------------------------------------------------------------------+---------+
; File Name with User-Entered Path ; Used in Netlist ; File Type                    ; File Name with Absolute Path                                                      ; Library ;
+----------------------------------+-----------------+------------------------------+-----------------------------------------------------------------------------------+---------+
; riscvtest.txt                    ; yes             ; User File                    ; C:/Users/jenpz/Documents/Ders/ele432/quartus projects/pre3/riscvtest.txt          ;         ;
; top.sv                           ; yes             ; User SystemVerilog HDL File  ; C:/Users/jenpz/Documents/Ders/ele432/quartus projects/pre3/top.sv                 ;         ;
; riscv.sv                         ; yes             ; User SystemVerilog HDL File  ; C:/Users/jenpz/Documents/Ders/ele432/quartus projects/pre3/riscv.sv               ;         ;
; datapath.sv                      ; yes             ; User SystemVerilog HDL File  ; C:/Users/jenpz/Documents/Ders/ele432/quartus projects/pre3/datapath.sv            ;         ;
; controller.sv                    ; yes             ; User SystemVerilog HDL File  ; C:/Users/jenpz/Documents/Ders/ele432/quartus projects/pre3/controller.sv          ;         ;
; altsyncram.tdf                   ; yes             ; Megafunction                 ; c:/altera_lite/25.1std/quartus/libraries/megafunctions/altsyncram.tdf             ;         ;
; stratix_ram_block.inc            ; yes             ; Megafunction                 ; c:/altera_lite/25.1std/quartus/libraries/megafunctions/stratix_ram_block.inc      ;         ;
; lpm_mux.inc                      ; yes             ; Megafunction                 ; c:/altera_lite/25.1std/quartus/libraries/megafunctions/lpm_mux.inc                ;         ;
; lpm_decode.inc                   ; yes             ; Megafunction                 ; c:/altera_lite/25.1std/quartus/libraries/megafunctions/lpm_decode.inc             ;         ;
; aglobal251.inc                   ; yes             ; Megafunction                 ; c:/altera_lite/25.1std/quartus/libraries/megafunctions/aglobal251.inc             ;         ;
; a_rdenreg.inc                    ; yes             ; Megafunction                 ; c:/altera_lite/25.1std/quartus/libraries/megafunctions/a_rdenreg.inc              ;         ;
; altrom.inc                       ; yes             ; Megafunction                 ; c:/altera_lite/25.1std/quartus/libraries/megafunctions/altrom.inc                 ;         ;
; altram.inc                       ; yes             ; Megafunction                 ; c:/altera_lite/25.1std/quartus/libraries/megafunctions/altram.inc                 ;         ;
; altdpram.inc                     ; yes             ; Megafunction                 ; c:/altera_lite/25.1std/quartus/libraries/megafunctions/altdpram.inc               ;         ;
; db/altsyncram_d2k1.tdf           ; yes             ; Auto-Generated Megafunction  ; C:/Users/jenpz/Documents/Ders/ele432/quartus projects/pre3/db/altsyncram_d2k1.tdf ;         ;
+----------------------------------+-----------------+------------------------------+-----------------------------------------------------------------------------------+---------+


+---------------------------------------------------------+
; Analysis & Synthesis Resource Usage Summary             ;
+---------------------------------------------+-----------+
; Resource                                    ; Usage     ;
+---------------------------------------------+-----------+
; Estimate of Logic utilization (ALMs needed) ; 1664      ;
;                                             ;           ;
; Combinational ALUT usage for logic          ; 1319      ;
;     -- 7 input functions                    ; 31        ;
;     -- 6 input functions                    ; 765       ;
;     -- 5 input functions                    ; 145       ;
;     -- 4 input functions                    ; 87        ;
;     -- <=3 input functions                  ; 291       ;
;                                             ;           ;
; Dedicated logic registers                   ; 2435      ;
;                                             ;           ;
; I/O pins                                    ; 67        ;
; Total MLAB memory bits                      ; 0         ;
; Total block memory bits                     ; 2048      ;
;                                             ;           ;
; Total DSP Blocks                            ; 0         ;
;                                             ;           ;
; Maximum fan-out node                        ; clk~input ;
; Maximum fan-out                             ; 2499      ;
; Total fan-out                               ; 14783     ;
; Average fan-out                             ; 3.74      ;
+---------------------------------------------+-----------+


+-------------------------------------------------------------------------------------------------------------------------------------------------------------------------------------------------------------------------------------------------------------------------------------+
; Analysis & Synthesis Resource Utilization by Entity                                                                                                                                                                                                                                 ;
+-------------------------------------------------+---------------------+---------------------------+-------------------+------------+------+--------------+-----------------------------------------------------------------------------------------+-----------------+--------------+
; Compilation Hierarchy Node                      ; Combinational ALUTs ; Dedicated Logic Registers ; Block Memory Bits ; DSP Blocks ; Pins ; Virtual Pins ; Full Hierarchy Name                                                                     ; Entity Name     ; Library Name ;
+-------------------------------------------------+---------------------+---------------------------+-------------------+------------+------+--------------+-----------------------------------------------------------------------------------------+-----------------+--------------+
; |top                                            ; 1319 (0)            ; 2435 (0)                  ; 2048              ; 0          ; 67   ; 0            ; |top                                                                                    ; top             ; work         ;
;    |mem:memory|                                 ; 990 (990)           ; 2048 (2048)               ; 0                 ; 0          ; 0    ; 0            ; |top|mem:memory                                                                         ; mem             ; work         ;
;    |riscv:rv|                                   ; 329 (0)             ; 387 (0)                   ; 2048              ; 0          ; 0    ; 0            ; |top|riscv:rv                                                                           ; riscv           ; work         ;
;       |controller:c|                            ; 46 (17)             ; 11 (0)                    ; 0                 ; 0          ; 0    ; 0            ; |top|riscv:rv|controller:c                                                              ; controller      ; work         ;
;          |aludec:ad|                            ; 6 (6)               ; 0 (0)                     ; 0                 ; 0          ; 0    ; 0            ; |top|riscv:rv|controller:c|aludec:ad                                                    ; aludec          ; work         ;
;          |instrdec:id|                          ; 6 (6)               ; 0 (0)                     ; 0                 ; 0          ; 0    ; 0            ; |top|riscv:rv|controller:c|instrdec:id                                                  ; instrdec        ; work         ;
;          |mainfsm:fsm|                          ; 17 (17)             ; 11 (11)                   ; 0                 ; 0          ; 0    ; 0            ; |top|riscv:rv|controller:c|mainfsm:fsm                                                  ; mainfsm         ; work         ;
;       |datapath:dp|                             ; 283 (0)             ; 376 (0)                   ; 2048              ; 0          ; 0    ; 0            ; |top|riscv:rv|datapath:dp                                                               ; datapath        ; work         ;
;          |alu:alu_unit|                         ; 75 (75)             ; 0 (0)                     ; 0                 ; 0          ; 0    ; 0            ; |top|riscv:rv|datapath:dp|alu:alu_unit                                                  ; alu             ; work         ;
;          |flopenr:instrreg|                     ; 0 (0)               ; 32 (32)                   ; 0                 ; 0          ; 0    ; 0            ; |top|riscv:rv|datapath:dp|flopenr:instrreg                                              ; flopenr         ; work         ;
;          |flopenr:pcreg|                        ; 0 (0)               ; 32 (32)                   ; 0                 ; 0          ; 0    ; 0            ; |top|riscv:rv|datapath:dp|flopenr:pcreg                                                 ; flopenr         ; work         ;
;          |flopr:aluoutreg|                      ; 0 (0)               ; 32 (32)                   ; 0                 ; 0          ; 0    ; 0            ; |top|riscv:rv|datapath:dp|flopr:aluoutreg                                               ; flopr           ; work         ;
;          |flopr:areg|                           ; 0 (0)               ; 32 (32)                   ; 0                 ; 0          ; 0    ; 0            ; |top|riscv:rv|datapath:dp|flopr:areg                                                    ; flopr           ; work         ;
;          |flopr:breg|                           ; 0 (0)               ; 32 (32)                   ; 0                 ; 0          ; 0    ; 0            ; |top|riscv:rv|datapath:dp|flopr:breg                                                    ; flopr           ; work         ;
;          |flopr:datareg|                        ; 0 (0)               ; 32 (32)                   ; 0                 ; 0          ; 0    ; 0            ; |top|riscv:rv|datapath:dp|flopr:datareg                                                 ; flopr           ; work         ;
;          |flopr:oldpcreg|                       ; 0 (0)               ; 32 (32)                   ; 0                 ; 0          ; 0    ; 0            ; |top|riscv:rv|datapath:dp|flopr:oldpcreg                                                ; flopr           ; work         ;
;          |mux2:adrmux|                          ; 32 (32)             ; 0 (0)                     ; 0                 ; 0          ; 0    ; 0            ; |top|riscv:rv|datapath:dp|mux2:adrmux                                                   ; mux2            ; work         ;
;          |mux3:resmux|                          ; 33 (33)             ; 0 (0)                     ; 0                 ; 0          ; 0    ; 0            ; |top|riscv:rv|datapath:dp|mux3:resmux                                                   ; mux3            ; work         ;
;          |mux3:srcamux|                         ; 32 (32)             ; 0 (0)                     ; 0                 ; 0          ; 0    ; 0            ; |top|riscv:rv|datapath:dp|mux3:srcamux                                                  ; mux3            ; work         ;
;          |mux3:srcbmux|                         ; 38 (38)             ; 0 (0)                     ; 0                 ; 0          ; 0    ; 0            ; |top|riscv:rv|datapath:dp|mux3:srcbmux                                                  ; mux3            ; work         ;
;          |regfile:rf|                           ; 73 (73)             ; 152 (152)                 ; 2048              ; 0          ; 0    ; 0            ; |top|riscv:rv|datapath:dp|regfile:rf                                                    ; regfile         ; work         ;
;             |altsyncram:rf_rtl_0|               ; 0 (0)               ; 0 (0)                     ; 1024              ; 0          ; 0    ; 0            ; |top|riscv:rv|datapath:dp|regfile:rf|altsyncram:rf_rtl_0                                ; altsyncram      ; work         ;
;                |altsyncram_d2k1:auto_generated| ; 0 (0)               ; 0 (0)                     ; 1024              ; 0          ; 0    ; 0            ; |top|riscv:rv|datapath:dp|regfile:rf|altsyncram:rf_rtl_0|altsyncram_d2k1:auto_generated ; altsyncram_d2k1 ; work         ;
;             |altsyncram:rf_rtl_1|               ; 0 (0)               ; 0 (0)                     ; 1024              ; 0          ; 0    ; 0            ; |top|riscv:rv|datapath:dp|regfile:rf|altsyncram:rf_rtl_1                                ; altsyncram      ; work         ;
;                |altsyncram_d2k1:auto_generated| ; 0 (0)               ; 0 (0)                     ; 1024              ; 0          ; 0    ; 0            ; |top|riscv:rv|datapath:dp|regfile:rf|altsyncram:rf_rtl_1|altsyncram_d2k1:auto_generated ; altsyncram_d2k1 ; work         ;
+-------------------------------------------------+---------------------+---------------------------+-------------------+------------+------+--------------+-----------------------------------------------------------------------------------------+-----------------+--------------+
Note: For table entries with two numbers listed, the numbers in parentheses indicate the number of resources of the given type used by the specific entity alone. The numbers listed outside of parentheses indicate the total resources of the given type used by the specific entity and all of its sub-entities in the hierarchy.


+---------------------------------------------------------------------------------------------------------------------------------------------------------------------------------------------------+
; Analysis & Synthesis RAM Summary                                                                                                                                                                  ;
+-----------------------------------------------------------------------------------------------+------+------------------+--------------+--------------+--------------+--------------+------+------+
; Name                                                                                          ; Type ; Mode             ; Port A Depth ; Port A Width ; Port B Depth ; Port B Width ; Size ; MIF  ;
+-----------------------------------------------------------------------------------------------+------+------------------+--------------+--------------+--------------+--------------+------+------+
; riscv:rv|datapath:dp|regfile:rf|altsyncram:rf_rtl_0|altsyncram_d2k1:auto_generated|ALTSYNCRAM ; AUTO ; Simple Dual Port ; 32           ; 32           ; 32           ; 32           ; 1024 ; None ;
; riscv:rv|datapath:dp|regfile:rf|altsyncram:rf_rtl_1|altsyncram_d2k1:auto_generated|ALTSYNCRAM ; AUTO ; Simple Dual Port ; 32           ; 32           ; 32           ; 32           ; 1024 ; None ;
+-----------------------------------------------------------------------------------------------+------+------------------+--------------+--------------+--------------+--------------+------+------+


Encoding Type:  One-Hot
+---------------------------------------------------------------------------------------------------------------------------------------------------------------------------------------+
; State Machine - |top|riscv:rv|controller:c|mainfsm:fsm|state                                                                                                                          ;
+----------------+-------------+-------------+----------------+-------------+----------------+----------------+-------------+---------------+--------------+--------------+-------------+
; Name           ; state.B_BEQ ; state.J_JAL ; state.EXECUTEI ; state.ALUWB ; state.EXECUTER ; state.MEMWRITE ; state.MEMWB ; state.MEMREAD ; state.MEMADR ; state.DECODE ; state.FETCH ;
+----------------+-------------+-------------+----------------+-------------+----------------+----------------+-------------+---------------+--------------+--------------+-------------+
; state.FETCH    ; 0           ; 0           ; 0              ; 0           ; 0              ; 0              ; 0           ; 0             ; 0            ; 0            ; 0           ;
; state.DECODE   ; 0           ; 0           ; 0              ; 0           ; 0              ; 0              ; 0           ; 0             ; 0            ; 1            ; 1           ;
; state.MEMADR   ; 0           ; 0           ; 0              ; 0           ; 0              ; 0              ; 0           ; 0             ; 1            ; 0            ; 1           ;
; state.MEMREAD  ; 0           ; 0           ; 0              ; 0           ; 0              ; 0              ; 0           ; 1             ; 0            ; 0            ; 1           ;
; state.MEMWB    ; 0           ; 0           ; 0              ; 0           ; 0              ; 0              ; 1           ; 0             ; 0            ; 0            ; 1           ;
; state.MEMWRITE ; 0           ; 0           ; 0              ; 0           ; 0              ; 1              ; 0           ; 0             ; 0            ; 0            ; 1           ;
; state.EXECUTER ; 0           ; 0           ; 0              ; 0           ; 1              ; 0              ; 0           ; 0             ; 0            ; 0            ; 1           ;
; state.ALUWB    ; 0           ; 0           ; 0              ; 1           ; 0              ; 0              ; 0           ; 0             ; 0            ; 0            ; 1           ;
; state.EXECUTEI ; 0           ; 0           ; 1              ; 0           ; 0              ; 0              ; 0           ; 0             ; 0            ; 0            ; 1           ;
; state.J_JAL    ; 0           ; 1           ; 0              ; 0           ; 0              ; 0              ; 0           ; 0             ; 0            ; 0            ; 1           ;
; state.B_BEQ    ; 1           ; 0           ; 0              ; 0           ; 0              ; 0              ; 0           ; 0             ; 0            ; 0            ; 1           ;
+----------------+-------------+-------------+----------------+-------------+----------------+----------------+-------------+---------------+--------------+--------------+-------------+


+----------------------------------------------------------------+
; Registers Removed During Synthesis                             ;
+-------------------------------------------+--------------------+
; Register name                             ; Reason for Removal ;
+-------------------------------------------+--------------------+
; riscv:rv|controller:c|mainfsm:fsm|state~4 ; Lost fanout        ;
; riscv:rv|controller:c|mainfsm:fsm|state~5 ; Lost fanout        ;
; riscv:rv|controller:c|mainfsm:fsm|state~6 ; Lost fanout        ;
; riscv:rv|controller:c|mainfsm:fsm|state~7 ; Lost fanout        ;
; Total Number of Removed Registers = 4     ;                    ;
+-------------------------------------------+--------------------+


+------------------------------------------------------+
; General Register Statistics                          ;
+----------------------------------------------+-------+
; Statistic                                    ; Value ;
+----------------------------------------------+-------+
; Total registers                              ; 2435  ;
; Number of registers using Synchronous Clear  ; 64    ;
; Number of registers using Synchronous Load   ; 31    ;
; Number of registers using Asynchronous Clear ; 247   ;
; Number of registers using Asynchronous Load  ; 0     ;
; Number of registers using Clock Enable       ; 2188  ;
; Number of registers using Preset             ; 0     ;
+----------------------------------------------+-------+


+------------------------------------------------------------------------------------------------+
; Registers Added for RAM Pass-Through Logic                                                     ;
+-----------------------------------------------------+------------------------------------------+
; Register Name                                       ; RAM Name                                 ;
+-----------------------------------------------------+------------------------------------------+
; riscv:rv|datapath:dp|regfile:rf|rf_rtl_0_bypass[0]  ; riscv:rv|datapath:dp|regfile:rf|rf_rtl_0 ;
; riscv:rv|datapath:dp|regfile:rf|rf_rtl_0_bypass[1]  ; riscv:rv|datapath:dp|regfile:rf|rf_rtl_0 ;
; riscv:rv|datapath:dp|regfile:rf|rf_rtl_0_bypass[2]  ; riscv:rv|datapath:dp|regfile:rf|rf_rtl_0 ;
; riscv:rv|datapath:dp|regfile:rf|rf_rtl_0_bypass[3]  ; riscv:rv|datapath:dp|regfile:rf|rf_rtl_0 ;
; riscv:rv|datapath:dp|regfile:rf|rf_rtl_0_bypass[4]  ; riscv:rv|datapath:dp|regfile:rf|rf_rtl_0 ;
; riscv:rv|datapath:dp|regfile:rf|rf_rtl_0_bypass[5]  ; riscv:rv|datapath:dp|regfile:rf|rf_rtl_0 ;
; riscv:rv|datapath:dp|regfile:rf|rf_rtl_0_bypass[6]  ; riscv:rv|datapath:dp|regfile:rf|rf_rtl_0 ;
; riscv:rv|datapath:dp|regfile:rf|rf_rtl_0_bypass[7]  ; riscv:rv|datapath:dp|regfile:rf|rf_rtl_0 ;
; riscv:rv|datapath:dp|regfile:rf|rf_rtl_0_bypass[8]  ; riscv:rv|datapath:dp|regfile:rf|rf_rtl_0 ;
; riscv:rv|datapath:dp|regfile:rf|rf_rtl_0_bypass[9]  ; riscv:rv|datapath:dp|regfile:rf|rf_rtl_0 ;
; riscv:rv|datapath:dp|regfile:rf|rf_rtl_0_bypass[10] ; riscv:rv|datapath:dp|regfile:rf|rf_rtl_0 ;
; riscv:rv|datapath:dp|regfile:rf|rf_rtl_0_bypass[11] ; riscv:rv|datapath:dp|regfile:rf|rf_rtl_0 ;
; riscv:rv|datapath:dp|regfile:rf|rf_rtl_0_bypass[12] ; riscv:rv|datapath:dp|regfile:rf|rf_rtl_0 ;
; riscv:rv|datapath:dp|regfile:rf|rf_rtl_0_bypass[13] ; riscv:rv|datapath:dp|regfile:rf|rf_rtl_0 ;
; riscv:rv|datapath:dp|regfile:rf|rf_rtl_0_bypass[14] ; riscv:rv|datapath:dp|regfile:rf|rf_rtl_0 ;
; riscv:rv|datapath:dp|regfile:rf|rf_rtl_0_bypass[15] ; riscv:rv|datapath:dp|regfile:rf|rf_rtl_0 ;
; riscv:rv|datapath:dp|regfile:rf|rf_rtl_0_bypass[16] ; riscv:rv|datapath:dp|regfile:rf|rf_rtl_0 ;
; riscv:rv|datapath:dp|regfile:rf|rf_rtl_0_bypass[17] ; riscv:rv|datapath:dp|regfile:rf|rf_rtl_0 ;
; riscv:rv|datapath:dp|regfile:rf|rf_rtl_0_bypass[18] ; riscv:rv|datapath:dp|regfile:rf|rf_rtl_0 ;
; riscv:rv|datapath:dp|regfile:rf|rf_rtl_0_bypass[19] ; riscv:rv|datapath:dp|regfile:rf|rf_rtl_0 ;
; riscv:rv|datapath:dp|regfile:rf|rf_rtl_0_bypass[20] ; riscv:rv|datapath:dp|regfile:rf|rf_rtl_0 ;
; riscv:rv|datapath:dp|regfile:rf|rf_rtl_0_bypass[21] ; riscv:rv|datapath:dp|regfile:rf|rf_rtl_0 ;
; riscv:rv|datapath:dp|regfile:rf|rf_rtl_0_bypass[22] ; riscv:rv|datapath:dp|regfile:rf|rf_rtl_0 ;
; riscv:rv|datapath:dp|regfile:rf|rf_rtl_0_bypass[23] ; riscv:rv|datapath:dp|regfile:rf|rf_rtl_0 ;
; riscv:rv|datapath:dp|regfile:rf|rf_rtl_0_bypass[24] ; riscv:rv|datapath:dp|regfile:rf|rf_rtl_0 ;
; riscv:rv|datapath:dp|regfile:rf|rf_rtl_0_bypass[25] ; riscv:rv|datapath:dp|regfile:rf|rf_rtl_0 ;
; riscv:rv|datapath:dp|regfile:rf|rf_rtl_0_bypass[26] ; riscv:rv|datapath:dp|regfile:rf|rf_rtl_0 ;
; riscv:rv|datapath:dp|regfile:rf|rf_rtl_0_bypass[27] ; riscv:rv|datapath:dp|regfile:rf|rf_rtl_0 ;
; riscv:rv|datapath:dp|regfile:rf|rf_rtl_0_bypass[28] ; riscv:rv|datapath:dp|regfile:rf|rf_rtl_0 ;
; riscv:rv|datapath:dp|regfile:rf|rf_rtl_0_bypass[29] ; riscv:rv|datapath:dp|regfile:rf|rf_rtl_0 ;
; riscv:rv|datapath:dp|regfile:rf|rf_rtl_0_bypass[30] ; riscv:rv|datapath:dp|regfile:rf|rf_rtl_0 ;
; riscv:rv|datapath:dp|regfile:rf|rf_rtl_0_bypass[31] ; riscv:rv|datapath:dp|regfile:rf|rf_rtl_0 ;
; riscv:rv|datapath:dp|regfile:rf|rf_rtl_0_bypass[32] ; riscv:rv|datapath:dp|regfile:rf|rf_rtl_0 ;
; riscv:rv|datapath:dp|regfile:rf|rf_rtl_0_bypass[33] ; riscv:rv|datapath:dp|regfile:rf|rf_rtl_0 ;
; riscv:rv|datapath:dp|regfile:rf|rf_rtl_0_bypass[34] ; riscv:rv|datapath:dp|regfile:rf|rf_rtl_0 ;
; riscv:rv|datapath:dp|regfile:rf|rf_rtl_0_bypass[35] ; riscv:rv|datapath:dp|regfile:rf|rf_rtl_0 ;
; riscv:rv|datapath:dp|regfile:rf|rf_rtl_0_bypass[36] ; riscv:rv|datapath:dp|regfile:rf|rf_rtl_0 ;
; riscv:rv|datapath:dp|regfile:rf|rf_rtl_0_bypass[37] ; riscv:rv|datapath:dp|regfile:rf|rf_rtl_0 ;
; riscv:rv|datapath:dp|regfile:rf|rf_rtl_0_bypass[38] ; riscv:rv|datapath:dp|regfile:rf|rf_rtl_0 ;
; riscv:rv|datapath:dp|regfile:rf|rf_rtl_0_bypass[39] ; riscv:rv|datapath:dp|regfile:rf|rf_rtl_0 ;
; riscv:rv|datapath:dp|regfile:rf|rf_rtl_0_bypass[40] ; riscv:rv|datapath:dp|regfile:rf|rf_rtl_0 ;
; riscv:rv|datapath:dp|regfile:rf|rf_rtl_0_bypass[41] ; riscv:rv|datapath:dp|regfile:rf|rf_rtl_0 ;
; riscv:rv|datapath:dp|regfile:rf|rf_rtl_0_bypass[42] ; riscv:rv|datapath:dp|regfile:rf|rf_rtl_0 ;
; riscv:rv|datapath:dp|regfile:rf|rf_rtl_1_bypass[0]  ; riscv:rv|datapath:dp|regfile:rf|rf_rtl_1 ;
; riscv:rv|datapath:dp|regfile:rf|rf_rtl_1_bypass[1]  ; riscv:rv|datapath:dp|regfile:rf|rf_rtl_1 ;
; riscv:rv|datapath:dp|regfile:rf|rf_rtl_1_bypass[2]  ; riscv:rv|datapath:dp|regfile:rf|rf_rtl_1 ;
; riscv:rv|datapath:dp|regfile:rf|rf_rtl_1_bypass[3]  ; riscv:rv|datapath:dp|regfile:rf|rf_rtl_1 ;
; riscv:rv|datapath:dp|regfile:rf|rf_rtl_1_bypass[4]  ; riscv:rv|datapath:dp|regfile:rf|rf_rtl_1 ;
; riscv:rv|datapath:dp|regfile:rf|rf_rtl_1_bypass[5]  ; riscv:rv|datapath:dp|regfile:rf|rf_rtl_1 ;
; riscv:rv|datapath:dp|regfile:rf|rf_rtl_1_bypass[6]  ; riscv:rv|datapath:dp|regfile:rf|rf_rtl_1 ;
; riscv:rv|datapath:dp|regfile:rf|rf_rtl_1_bypass[7]  ; riscv:rv|datapath:dp|regfile:rf|rf_rtl_1 ;
; riscv:rv|datapath:dp|regfile:rf|rf_rtl_1_bypass[8]  ; riscv:rv|datapath:dp|regfile:rf|rf_rtl_1 ;
; riscv:rv|datapath:dp|regfile:rf|rf_rtl_1_bypass[9]  ; riscv:rv|datapath:dp|regfile:rf|rf_rtl_1 ;
; riscv:rv|datapath:dp|regfile:rf|rf_rtl_1_bypass[10] ; riscv:rv|datapath:dp|regfile:rf|rf_rtl_1 ;
; riscv:rv|datapath:dp|regfile:rf|rf_rtl_1_bypass[11] ; riscv:rv|datapath:dp|regfile:rf|rf_rtl_1 ;
; riscv:rv|datapath:dp|regfile:rf|rf_rtl_1_bypass[12] ; riscv:rv|datapath:dp|regfile:rf|rf_rtl_1 ;
; riscv:rv|datapath:dp|regfile:rf|rf_rtl_1_bypass[13] ; riscv:rv|datapath:dp|regfile:rf|rf_rtl_1 ;
; riscv:rv|datapath:dp|regfile:rf|rf_rtl_1_bypass[14] ; riscv:rv|datapath:dp|regfile:rf|rf_rtl_1 ;
; riscv:rv|datapath:dp|regfile:rf|rf_rtl_1_bypass[15] ; riscv:rv|datapath:dp|regfile:rf|rf_rtl_1 ;
; riscv:rv|datapath:dp|regfile:rf|rf_rtl_1_bypass[16] ; riscv:rv|datapath:dp|regfile:rf|rf_rtl_1 ;
; riscv:rv|datapath:dp|regfile:rf|rf_rtl_1_bypass[17] ; riscv:rv|datapath:dp|regfile:rf|rf_rtl_1 ;
; riscv:rv|datapath:dp|regfile:rf|rf_rtl_1_bypass[18] ; riscv:rv|datapath:dp|regfile:rf|rf_rtl_1 ;
; riscv:rv|datapath:dp|regfile:rf|rf_rtl_1_bypass[19] ; riscv:rv|datapath:dp|regfile:rf|rf_rtl_1 ;
; riscv:rv|datapath:dp|regfile:rf|rf_rtl_1_bypass[20] ; riscv:rv|datapath:dp|regfile:rf|rf_rtl_1 ;
; riscv:rv|datapath:dp|regfile:rf|rf_rtl_1_bypass[21] ; riscv:rv|datapath:dp|regfile:rf|rf_rtl_1 ;
; riscv:rv|datapath:dp|regfile:rf|rf_rtl_1_bypass[22] ; riscv:rv|datapath:dp|regfile:rf|rf_rtl_1 ;
; riscv:rv|datapath:dp|regfile:rf|rf_rtl_1_bypass[23] ; riscv:rv|datapath:dp|regfile:rf|rf_rtl_1 ;
; riscv:rv|datapath:dp|regfile:rf|rf_rtl_1_bypass[24] ; riscv:rv|datapath:dp|regfile:rf|rf_rtl_1 ;
; riscv:rv|datapath:dp|regfile:rf|rf_rtl_1_bypass[25] ; riscv:rv|datapath:dp|regfile:rf|rf_rtl_1 ;
; riscv:rv|datapath:dp|regfile:rf|rf_rtl_1_bypass[26] ; riscv:rv|datapath:dp|regfile:rf|rf_rtl_1 ;
; riscv:rv|datapath:dp|regfile:rf|rf_rtl_1_bypass[27] ; riscv:rv|datapath:dp|regfile:rf|rf_rtl_1 ;
; riscv:rv|datapath:dp|regfile:rf|rf_rtl_1_bypass[28] ; riscv:rv|datapath:dp|regfile:rf|rf_rtl_1 ;
; riscv:rv|datapath:dp|regfile:rf|rf_rtl_1_bypass[29] ; riscv:rv|datapath:dp|regfile:rf|rf_rtl_1 ;
; riscv:rv|datapath:dp|regfile:rf|rf_rtl_1_bypass[30] ; riscv:rv|datapath:dp|regfile:rf|rf_rtl_1 ;
; riscv:rv|datapath:dp|regfile:rf|rf_rtl_1_bypass[31] ; riscv:rv|datapath:dp|regfile:rf|rf_rtl_1 ;
; riscv:rv|datapath:dp|regfile:rf|rf_rtl_1_bypass[32] ; riscv:rv|datapath:dp|regfile:rf|rf_rtl_1 ;
; riscv:rv|datapath:dp|regfile:rf|rf_rtl_1_bypass[33] ; riscv:rv|datapath:dp|regfile:rf|rf_rtl_1 ;
; riscv:rv|datapath:dp|regfile:rf|rf_rtl_1_bypass[34] ; riscv:rv|datapath:dp|regfile:rf|rf_rtl_1 ;
; riscv:rv|datapath:dp|regfile:rf|rf_rtl_1_bypass[35] ; riscv:rv|datapath:dp|regfile:rf|rf_rtl_1 ;
; riscv:rv|datapath:dp|regfile:rf|rf_rtl_1_bypass[36] ; riscv:rv|datapath:dp|regfile:rf|rf_rtl_1 ;
; riscv:rv|datapath:dp|regfile:rf|rf_rtl_1_bypass[37] ; riscv:rv|datapath:dp|regfile:rf|rf_rtl_1 ;
; riscv:rv|datapath:dp|regfile:rf|rf_rtl_1_bypass[38] ; riscv:rv|datapath:dp|regfile:rf|rf_rtl_1 ;
; riscv:rv|datapath:dp|regfile:rf|rf_rtl_1_bypass[39] ; riscv:rv|datapath:dp|regfile:rf|rf_rtl_1 ;
; riscv:rv|datapath:dp|regfile:rf|rf_rtl_1_bypass[40] ; riscv:rv|datapath:dp|regfile:rf|rf_rtl_1 ;
; riscv:rv|datapath:dp|regfile:rf|rf_rtl_1_bypass[41] ; riscv:rv|datapath:dp|regfile:rf|rf_rtl_1 ;
; riscv:rv|datapath:dp|regfile:rf|rf_rtl_1_bypass[42] ; riscv:rv|datapath:dp|regfile:rf|rf_rtl_1 ;
+-----------------------------------------------------+------------------------------------------+


+------------------------------------------------------------------------------------------------------------------------------------------------------------+
; Multiplexer Restructuring Statistics (Restructuring Performed)                                                                                             ;
+--------------------+-----------+---------------+----------------------+------------------------+------------+----------------------------------------------+
; Multiplexer Inputs ; Bus Width ; Baseline Area ; Area if Restructured ; Saving if Restructured ; Registered ; Example Multiplexer Output                   ;
+--------------------+-----------+---------------+----------------------+------------------------+------------+----------------------------------------------+
; 4:1                ; 32 bits   ; 64 LEs        ; 64 LEs               ; 0 LEs                  ; Yes        ; |top|riscv:rv|datapath:dp|flopr:breg|q[11]   ;
; 4:1                ; 32 bits   ; 64 LEs        ; 64 LEs               ; 0 LEs                  ; Yes        ; |top|riscv:rv|datapath:dp|flopr:areg|q[28]   ;
; 3:1                ; 32 bits   ; 64 LEs        ; 64 LEs               ; 0 LEs                  ; No         ; |top|riscv:rv|datapath:dp|mux3:resmux|y[0]   ;
; 3:1                ; 32 bits   ; 64 LEs        ; 64 LEs               ; 0 LEs                  ; No         ; |top|riscv:rv|datapath:dp|mux3:srcamux|y[22] ;
; 3:1                ; 18 bits   ; 36 LEs        ; 36 LEs               ; 0 LEs                  ; No         ; |top|riscv:rv|datapath:dp|mux3:srcbmux|y[25] ;
; 6:1                ; 31 bits   ; 124 LEs       ; 93 LEs               ; 31 LEs                 ; No         ; |top|riscv:rv|datapath:dp|alu:alu_unit|Mux13 ;
; 4:1                ; 4 bits    ; 8 LEs         ; 8 LEs                ; 0 LEs                  ; No         ; |top|riscv:rv|datapath:dp|mux3:srcbmux|y[1]  ;
; 4:1                ; 8 bits    ; 16 LEs        ; 16 LEs               ; 0 LEs                  ; No         ; |top|riscv:rv|datapath:dp|mux3:srcbmux|y[13] ;
+--------------------+-----------+---------------+----------------------+------------------------+------------+----------------------------------------------+


+-----------------------------------------------------------------------------------------------------------+
; Source assignments for riscv:rv|datapath:dp|regfile:rf|altsyncram:rf_rtl_0|altsyncram_d2k1:auto_generated ;
+---------------------------------+--------------------+------+---------------------------------------------+
; Assignment                      ; Value              ; From ; To                                          ;
+---------------------------------+--------------------+------+---------------------------------------------+
; OPTIMIZE_POWER_DURING_SYNTHESIS ; NORMAL_COMPILATION ; -    ; -                                           ;
+---------------------------------+--------------------+------+---------------------------------------------+


+-----------------------------------------------------------------------------------------------------------+
; Source assignments for riscv:rv|datapath:dp|regfile:rf|altsyncram:rf_rtl_1|altsyncram_d2k1:auto_generated ;
+---------------------------------+--------------------+------+---------------------------------------------+
; Assignment                      ; Value              ; From ; To                                          ;
+---------------------------------+--------------------+------+---------------------------------------------+
; OPTIMIZE_POWER_DURING_SYNTHESIS ; NORMAL_COMPILATION ; -    ; -                                           ;
+---------------------------------+--------------------+------+---------------------------------------------+


+---------------------------------------------------------------------------------+
; Parameter Settings for User Entity Instance: riscv:rv|datapath:dp|flopenr:pcreg ;
+----------------+-------+--------------------------------------------------------+
; Parameter Name ; Value ; Type                                                   ;
+----------------+-------+--------------------------------------------------------+
; WIDTH          ; 32    ; Signed Integer                                         ;
+----------------+-------+--------------------------------------------------------+
Note: In order to hide this table in the UI and the text report file, please set the "Show Parameter Settings in Synthesis Report" option in "Analysis and Synthesis Settings -> More Settings" to "Off".


+-------------------------------------------------------------------------------+
; Parameter Settings for User Entity Instance: riscv:rv|datapath:dp|mux2:adrmux ;
+----------------+-------+------------------------------------------------------+
; Parameter Name ; Value ; Type                                                 ;
+----------------+-------+------------------------------------------------------+
; WIDTH          ; 32    ; Signed Integer                                       ;
+----------------+-------+------------------------------------------------------+
Note: In order to hide this table in the UI and the text report file, please set the "Show Parameter Settings in Synthesis Report" option in "Analysis and Synthesis Settings -> More Settings" to "Off".


+------------------------------------------------------------------------------------+
; Parameter Settings for User Entity Instance: riscv:rv|datapath:dp|flopenr:instrreg ;
+----------------+-------+-----------------------------------------------------------+
; Parameter Name ; Value ; Type                                                      ;
+----------------+-------+-----------------------------------------------------------+
; WIDTH          ; 32    ; Signed Integer                                            ;
+----------------+-------+-----------------------------------------------------------+
Note: In order to hide this table in the UI and the text report file, please set the "Show Parameter Settings in Synthesis Report" option in "Analysis and Synthesis Settings -> More Settings" to "Off".


+----------------------------------------------------------------------------------+
; Parameter Settings for User Entity Instance: riscv:rv|datapath:dp|flopr:oldpcreg ;
+----------------+-------+---------------------------------------------------------+
; Parameter Name ; Value ; Type                                                    ;
+----------------+-------+---------------------------------------------------------+
; WIDTH          ; 32    ; Signed Integer                                          ;
+----------------+-------+---------------------------------------------------------+
Note: In order to hide this table in the UI and the text report file, please set the "Show Parameter Settings in Synthesis Report" option in "Analysis and Synthesis Settings -> More Settings" to "Off".


+---------------------------------------------------------------------------------+
; Parameter Settings for User Entity Instance: riscv:rv|datapath:dp|flopr:datareg ;
+----------------+-------+--------------------------------------------------------+
; Parameter Name ; Value ; Type                                                   ;
+----------------+-------+--------------------------------------------------------+
; WIDTH          ; 32    ; Signed Integer                                         ;
+----------------+-------+--------------------------------------------------------+
Note: In order to hide this table in the UI and the text report file, please set the "Show Parameter Settings in Synthesis Report" option in "Analysis and Synthesis Settings -> More Settings" to "Off".


+------------------------------------------------------------------------------+
; Parameter Settings for User Entity Instance: riscv:rv|datapath:dp|flopr:areg ;
+----------------+-------+-----------------------------------------------------+
; Parameter Name ; Value ; Type                                                ;
+----------------+-------+-----------------------------------------------------+
; WIDTH          ; 32    ; Signed Integer                                      ;
+----------------+-------+-----------------------------------------------------+
Note: In order to hide this table in the UI and the text report file, please set the "Show Parameter Settings in Synthesis Report" option in "Analysis and Synthesis Settings -> More Settings" to "Off".


+------------------------------------------------------------------------------+
; Parameter Settings for User Entity Instance: riscv:rv|datapath:dp|flopr:breg ;
+----------------+-------+-----------------------------------------------------+
; Parameter Name ; Value ; Type                                                ;
+----------------+-------+-----------------------------------------------------+
; WIDTH          ; 32    ; Signed Integer                                      ;
+----------------+-------+-----------------------------------------------------+
Note: In order to hide this table in the UI and the text report file, please set the "Show Parameter Settings in Synthesis Report" option in "Analysis and Synthesis Settings -> More Settings" to "Off".


+--------------------------------------------------------------------------------+
; Parameter Settings for User Entity Instance: riscv:rv|datapath:dp|mux3:srcamux ;
+----------------+-------+-------------------------------------------------------+
; Parameter Name ; Value ; Type                                                  ;
+----------------+-------+-------------------------------------------------------+
; WIDTH          ; 32    ; Signed Integer                                        ;
+----------------+-------+-------------------------------------------------------+
Note: In order to hide this table in the UI and the text report file, please set the "Show Parameter Settings in Synthesis Report" option in "Analysis and Synthesis Settings -> More Settings" to "Off".


+--------------------------------------------------------------------------------+
; Parameter Settings for User Entity Instance: riscv:rv|datapath:dp|mux3:srcbmux ;
+----------------+-------+-------------------------------------------------------+
; Parameter Name ; Value ; Type                                                  ;
+----------------+-------+-------------------------------------------------------+
; WIDTH          ; 32    ; Signed Integer                                        ;
+----------------+-------+-------------------------------------------------------+
Note: In order to hide this table in the UI and the text report file, please set the "Show Parameter Settings in Synthesis Report" option in "Analysis and Synthesis Settings -> More Settings" to "Off".


+-----------------------------------------------------------------------------------+
; Parameter Settings for User Entity Instance: riscv:rv|datapath:dp|flopr:aluoutreg ;
+----------------+-------+----------------------------------------------------------+
; Parameter Name ; Value ; Type                                                     ;
+----------------+-------+----------------------------------------------------------+
; WIDTH          ; 32    ; Signed Integer                                           ;
+----------------+-------+----------------------------------------------------------+
Note: In order to hide this table in the UI and the text report file, please set the "Show Parameter Settings in Synthesis Report" option in "Analysis and Synthesis Settings -> More Settings" to "Off".


+-------------------------------------------------------------------------------+
; Parameter Settings for User Entity Instance: riscv:rv|datapath:dp|mux3:resmux ;
+----------------+-------+------------------------------------------------------+
; Parameter Name ; Value ; Type                                                 ;
+----------------+-------+------------------------------------------------------+
; WIDTH          ; 32    ; Signed Integer                                       ;
+----------------+-------+------------------------------------------------------+
Note: In order to hide this table in the UI and the text report file, please set the "Show Parameter Settings in Synthesis Report" option in "Analysis and Synthesis Settings -> More Settings" to "Off".


+------------------------------------------------------------------------------------------------------+
; Parameter Settings for Inferred Entity Instance: riscv:rv|datapath:dp|regfile:rf|altsyncram:rf_rtl_0 ;
+------------------------------------+----------------------+------------------------------------------+
; Parameter Name                     ; Value                ; Type                                     ;
+------------------------------------+----------------------+------------------------------------------+
; BYTE_SIZE_BLOCK                    ; 8                    ; Untyped                                  ;
; AUTO_CARRY_CHAINS                  ; ON                   ; AUTO_CARRY                               ;
; IGNORE_CARRY_BUFFERS               ; OFF                  ; IGNORE_CARRY                             ;
; AUTO_CASCADE_CHAINS                ; ON                   ; AUTO_CASCADE                             ;
; IGNORE_CASCADE_BUFFERS             ; OFF                  ; IGNORE_CASCADE                           ;
; WIDTH_BYTEENA                      ; 1                    ; Untyped                                  ;
; OPERATION_MODE                     ; DUAL_PORT            ; Untyped                                  ;
; WIDTH_A                            ; 32                   ; Untyped                                  ;
; WIDTHAD_A                          ; 5                    ; Untyped                                  ;
; NUMWORDS_A                         ; 32                   ; Untyped                                  ;
; OUTDATA_REG_A                      ; UNREGISTERED         ; Untyped                                  ;
; ADDRESS_ACLR_A                     ; NONE                 ; Untyped                                  ;
; OUTDATA_ACLR_A                     ; NONE                 ; Untyped                                  ;
; WRCONTROL_ACLR_A                   ; NONE                 ; Untyped                                  ;
; INDATA_ACLR_A                      ; NONE                 ; Untyped                                  ;
; BYTEENA_ACLR_A                     ; NONE                 ; Untyped                                  ;
; WIDTH_B                            ; 32                   ; Untyped                                  ;
; WIDTHAD_B                          ; 5                    ; Untyped                                  ;
; NUMWORDS_B                         ; 32                   ; Untyped                                  ;
; INDATA_REG_B                       ; CLOCK1               ; Untyped                                  ;
; WRCONTROL_WRADDRESS_REG_B          ; CLOCK1               ; Untyped                                  ;
; RDCONTROL_REG_B                    ; CLOCK1               ; Untyped                                  ;
; ADDRESS_REG_B                      ; CLOCK0               ; Untyped                                  ;
; OUTDATA_REG_B                      ; UNREGISTERED         ; Untyped                                  ;
; BYTEENA_REG_B                      ; CLOCK1               ; Untyped                                  ;
; INDATA_ACLR_B                      ; NONE                 ; Untyped                                  ;
; WRCONTROL_ACLR_B                   ; NONE                 ; Untyped                                  ;
; ADDRESS_ACLR_B                     ; NONE                 ; Untyped                                  ;
; OUTDATA_ACLR_B                     ; NONE                 ; Untyped                                  ;
; RDCONTROL_ACLR_B                   ; NONE                 ; Untyped                                  ;
; BYTEENA_ACLR_B                     ; NONE                 ; Untyped                                  ;
; WIDTH_BYTEENA_A                    ; 1                    ; Untyped                                  ;
; WIDTH_BYTEENA_B                    ; 1                    ; Untyped                                  ;
; RAM_BLOCK_TYPE                     ; AUTO                 ; Untyped                                  ;
; BYTE_SIZE                          ; 8                    ; Untyped                                  ;
; READ_DURING_WRITE_MODE_MIXED_PORTS ; DONT_CARE            ; Untyped                                  ;
; READ_DURING_WRITE_MODE_PORT_A      ; NEW_DATA_NO_NBE_READ ; Untyped                                  ;
; READ_DURING_WRITE_MODE_PORT_B      ; NEW_DATA_NO_NBE_READ ; Untyped                                  ;
; INIT_FILE                          ; UNUSED               ; Untyped                                  ;
; INIT_FILE_LAYOUT                   ; PORT_A               ; Untyped                                  ;
; MAXIMUM_DEPTH                      ; 0                    ; Untyped                                  ;
; CLOCK_ENABLE_INPUT_A               ; NORMAL               ; Untyped                                  ;
; CLOCK_ENABLE_INPUT_B               ; NORMAL               ; Untyped                                  ;
; CLOCK_ENABLE_OUTPUT_A              ; NORMAL               ; Untyped                                  ;
; CLOCK_ENABLE_OUTPUT_B              ; NORMAL               ; Untyped                                  ;
; CLOCK_ENABLE_CORE_A                ; USE_INPUT_CLKEN      ; Untyped                                  ;
; CLOCK_ENABLE_CORE_B                ; USE_INPUT_CLKEN      ; Untyped                                  ;
; ENABLE_ECC                         ; FALSE                ; Untyped                                  ;
; ECC_PIPELINE_STAGE_ENABLED         ; FALSE                ; Untyped                                  ;
; WIDTH_ECCSTATUS                    ; 3                    ; Untyped                                  ;
; DEVICE_FAMILY                      ; Cyclone V            ; Untyped                                  ;
; CBXI_PARAMETER                     ; altsyncram_d2k1      ; Untyped                                  ;
+------------------------------------+----------------------+------------------------------------------+
Note: In order to hide this table in the UI and the text report file, please set the "Show Parameter Settings in Synthesis Report" option in "Analysis and Synthesis Settings -> More Settings" to "Off".


+------------------------------------------------------------------------------------------------------+
; Parameter Settings for Inferred Entity Instance: riscv:rv|datapath:dp|regfile:rf|altsyncram:rf_rtl_1 ;
+------------------------------------+----------------------+------------------------------------------+
; Parameter Name                     ; Value                ; Type                                     ;
+------------------------------------+----------------------+------------------------------------------+
; BYTE_SIZE_BLOCK                    ; 8                    ; Untyped                                  ;
; AUTO_CARRY_CHAINS                  ; ON                   ; AUTO_CARRY                               ;
; IGNORE_CARRY_BUFFERS               ; OFF                  ; IGNORE_CARRY                             ;
; AUTO_CASCADE_CHAINS                ; ON                   ; AUTO_CASCADE                             ;
; IGNORE_CASCADE_BUFFERS             ; OFF                  ; IGNORE_CASCADE                           ;
; WIDTH_BYTEENA                      ; 1                    ; Untyped                                  ;
; OPERATION_MODE                     ; DUAL_PORT            ; Untyped                                  ;
; WIDTH_A                            ; 32                   ; Untyped                                  ;
; WIDTHAD_A                          ; 5                    ; Untyped                                  ;
; NUMWORDS_A                         ; 32                   ; Untyped                                  ;
; OUTDATA_REG_A                      ; UNREGISTERED         ; Untyped                                  ;
; ADDRESS_ACLR_A                     ; NONE                 ; Untyped                                  ;
; OUTDATA_ACLR_A                     ; NONE                 ; Untyped                                  ;
; WRCONTROL_ACLR_A                   ; NONE                 ; Untyped                                  ;
; INDATA_ACLR_A                      ; NONE                 ; Untyped                                  ;
; BYTEENA_ACLR_A                     ; NONE                 ; Untyped                                  ;
; WIDTH_B                            ; 32                   ; Untyped                                  ;
; WIDTHAD_B                          ; 5                    ; Untyped                                  ;
; NUMWORDS_B                         ; 32                   ; Untyped                                  ;
; INDATA_REG_B                       ; CLOCK1               ; Untyped                                  ;
; WRCONTROL_WRADDRESS_REG_B          ; CLOCK1               ; Untyped                                  ;
; RDCONTROL_REG_B                    ; CLOCK1               ; Untyped                                  ;
; ADDRESS_REG_B                      ; CLOCK0               ; Untyped                                  ;
; OUTDATA_REG_B                      ; UNREGISTERED         ; Untyped                                  ;
; BYTEENA_REG_B                      ; CLOCK1               ; Untyped                                  ;
; INDATA_ACLR_B                      ; NONE                 ; Untyped                                  ;
; WRCONTROL_ACLR_B                   ; NONE                 ; Untyped                                  ;
; ADDRESS_ACLR_B                     ; NONE                 ; Untyped                                  ;
; OUTDATA_ACLR_B                     ; NONE                 ; Untyped                                  ;
; RDCONTROL_ACLR_B                   ; NONE                 ; Untyped                                  ;
; BYTEENA_ACLR_B                     ; NONE                 ; Untyped                                  ;
; WIDTH_BYTEENA_A                    ; 1                    ; Untyped                                  ;
; WIDTH_BYTEENA_B                    ; 1                    ; Untyped                                  ;
; RAM_BLOCK_TYPE                     ; AUTO                 ; Untyped                                  ;
; BYTE_SIZE                          ; 8                    ; Untyped                                  ;
; READ_DURING_WRITE_MODE_MIXED_PORTS ; DONT_CARE            ; Untyped                                  ;
; READ_DURING_WRITE_MODE_PORT_A      ; NEW_DATA_NO_NBE_READ ; Untyped                                  ;
; READ_DURING_WRITE_MODE_PORT_B      ; NEW_DATA_NO_NBE_READ ; Untyped                                  ;
; INIT_FILE                          ; UNUSED               ; Untyped                                  ;
; INIT_FILE_LAYOUT                   ; PORT_A               ; Untyped                                  ;
; MAXIMUM_DEPTH                      ; 0                    ; Untyped                                  ;
; CLOCK_ENABLE_INPUT_A               ; NORMAL               ; Untyped                                  ;
; CLOCK_ENABLE_INPUT_B               ; NORMAL               ; Untyped                                  ;
; CLOCK_ENABLE_OUTPUT_A              ; NORMAL               ; Untyped                                  ;
; CLOCK_ENABLE_OUTPUT_B              ; NORMAL               ; Untyped                                  ;
; CLOCK_ENABLE_CORE_A                ; USE_INPUT_CLKEN      ; Untyped                                  ;
; CLOCK_ENABLE_CORE_B                ; USE_INPUT_CLKEN      ; Untyped                                  ;
; ENABLE_ECC                         ; FALSE                ; Untyped                                  ;
; ECC_PIPELINE_STAGE_ENABLED         ; FALSE                ; Untyped                                  ;
; WIDTH_ECCSTATUS                    ; 3                    ; Untyped                                  ;
; DEVICE_FAMILY                      ; Cyclone V            ; Untyped                                  ;
; CBXI_PARAMETER                     ; altsyncram_d2k1      ; Untyped                                  ;
+------------------------------------+----------------------+------------------------------------------+
Note: In order to hide this table in the UI and the text report file, please set the "Show Parameter Settings in Synthesis Report" option in "Analysis and Synthesis Settings -> More Settings" to "Off".


+-------------------------------------------------------------------------------------------------+
; altsyncram Parameter Settings by Entity Instance                                                ;
+-------------------------------------------+-----------------------------------------------------+
; Name                                      ; Value                                               ;
+-------------------------------------------+-----------------------------------------------------+
; Number of entity instances                ; 2                                                   ;
; Entity Instance                           ; riscv:rv|datapath:dp|regfile:rf|altsyncram:rf_rtl_0 ;
;     -- OPERATION_MODE                     ; DUAL_PORT                                           ;
;     -- WIDTH_A                            ; 32                                                  ;
;     -- NUMWORDS_A                         ; 32                                                  ;
;     -- OUTDATA_REG_A                      ; UNREGISTERED                                        ;
;     -- WIDTH_B                            ; 32                                                  ;
;     -- NUMWORDS_B                         ; 32                                                  ;
;     -- ADDRESS_REG_B                      ; CLOCK0                                              ;
;     -- OUTDATA_REG_B                      ; UNREGISTERED                                        ;
;     -- RAM_BLOCK_TYPE                     ; AUTO                                                ;
;     -- READ_DURING_WRITE_MODE_MIXED_PORTS ; DONT_CARE                                           ;
; Entity Instance                           ; riscv:rv|datapath:dp|regfile:rf|altsyncram:rf_rtl_1 ;
;     -- OPERATION_MODE                     ; DUAL_PORT                                           ;
;     -- WIDTH_A                            ; 32                                                  ;
;     -- NUMWORDS_A                         ; 32                                                  ;
;     -- OUTDATA_REG_A                      ; UNREGISTERED                                        ;
;     -- WIDTH_B                            ; 32                                                  ;
;     -- NUMWORDS_B                         ; 32                                                  ;
;     -- ADDRESS_REG_B                      ; CLOCK0                                              ;
;     -- OUTDATA_REG_B                      ; UNREGISTERED                                        ;
;     -- RAM_BLOCK_TYPE                     ; AUTO                                                ;
;     -- READ_DURING_WRITE_MODE_MIXED_PORTS ; DONT_CARE                                           ;
+-------------------------------------------+-----------------------------------------------------+


+---------------------------------------------------------------+
; Port Connectivity Checks: "riscv:rv|datapath:dp|mux3:srcbmux" ;
+-----------+-------+----------+--------------------------------+
; Port      ; Type  ; Severity ; Details                        ;
+-----------+-------+----------+--------------------------------+
; d2[31..3] ; Input ; Info     ; Stuck at GND                   ;
; d2[1..0]  ; Input ; Info     ; Stuck at GND                   ;
; d2[2]     ; Input ; Info     ; Stuck at VCC                   ;
+-----------+-------+----------+--------------------------------+


+-------------------------------------------------------------------------------------------------------------------------+
; Port Connectivity Checks: "riscv:rv|datapath:dp"                                                                        ;
+---------------+--------+----------+-------------------------------------------------------------------------------------+
; Port          ; Type   ; Severity ; Details                                                                             ;
+---------------+--------+----------+-------------------------------------------------------------------------------------+
; Instr[29..15] ; Output ; Info     ; Connected to dangling logic. Logic that only feeds a dangling port will be removed. ;
; Instr[11..7]  ; Output ; Info     ; Connected to dangling logic. Logic that only feeds a dangling port will be removed. ;
; Instr[31]     ; Output ; Info     ; Connected to dangling logic. Logic that only feeds a dangling port will be removed. ;
+---------------+--------+----------+-------------------------------------------------------------------------------------+


+-----------------------------------------------------+
; Post-Synthesis Netlist Statistics for Top Partition ;
+-----------------------+-----------------------------+
; Type                  ; Count                       ;
+-----------------------+-----------------------------+
; arriav_ff             ; 2435                        ;
;     CLR               ; 76                          ;
;     CLR SCLR          ; 64                          ;
;     CLR SLD           ; 31                          ;
;     ENA               ; 2112                        ;
;     ENA CLR           ; 76                          ;
;     plain             ; 76                          ;
; arriav_lcell_comb     ; 1319                        ;
;     extend            ; 31                          ;
;         7 data inputs ; 31                          ;
;     normal            ; 1256                        ;
;         1 data inputs ; 192                         ;
;         2 data inputs ; 68                          ;
;         3 data inputs ; 24                          ;
;         4 data inputs ; 62                          ;
;         5 data inputs ; 145                         ;
;         6 data inputs ; 765                         ;
;     shared            ; 32                          ;
;         2 data inputs ; 6                           ;
;         3 data inputs ; 1                           ;
;         4 data inputs ; 25                          ;
; boundary_port         ; 67                          ;
; stratixv_ram_block    ; 64                          ;
;                       ;                             ;
; Max LUT depth         ; 9.70                        ;
; Average LUT depth     ; 4.63                        ;
+-----------------------+-----------------------------+


+-------------------------------+
; Elapsed Time Per Partition    ;
+----------------+--------------+
; Partition Name ; Elapsed Time ;
+----------------+--------------+
; Top            ; 00:00:03     ;
+----------------+--------------+


+-------------------------------+
; Analysis & Synthesis Messages ;
+-------------------------------+
Info: *******************************************************************
Info: Running Quartus Prime Analysis & Synthesis
    Info: Version 25.1std.0 Build 1129 10/21/2025 SC Lite Edition
    Info: Processing started: Tue Apr 28 18:26:15 2026
Info: Command: quartus_map --read_settings_files=on --write_settings_files=off MultiCycleRiscV_pre3 -c MultiCycleRiscV_pre3
Warning (18236): Number of processors has not been specified which may cause overloading on shared machines.  Set the global assignment NUM_PARALLEL_PROCESSORS in your QSF to an appropriate value for best performance.
Info (20030): Parallel compilation is enabled and will use 10 of the 10 processors detected
Info (12021): Found 1 design units, including 1 entities, in source file riscv_testbench.sv
    Info (12023): Found entity 1: testbench File: C:/Users/jenpz/Documents/Ders/ele432/quartus projects/pre3/riscv_testbench.sv Line: 1
Info (12021): Found 2 design units, including 2 entities, in source file top.sv
    Info (12023): Found entity 1: top File: C:/Users/jenpz/Documents/Ders/ele432/quartus projects/pre3/top.sv Line: 1
    Info (12023): Found entity 2: mem File: C:/Users/jenpz/Documents/Ders/ele432/quartus projects/pre3/top.sv Line: 14
Info (12021): Found 1 design units, including 1 entities, in source file riscv.sv
    Info (12023): Found entity 1: riscv File: C:/Users/jenpz/Documents/Ders/ele432/quartus projects/pre3/riscv.sv Line: 1
Info (12021): Found 8 design units, including 8 entities, in source file datapath.sv
    Info (12023): Found entity 1: datapath File: C:/Users/jenpz/Documents/Ders/ele432/quartus projects/pre3/datapath.sv Line: 1
    Info (12023): Found entity 2: alu File: C:/Users/jenpz/Documents/Ders/ele432/quartus projects/pre3/datapath.sv Line: 38
    Info (12023): Found entity 3: regfile File: C:/Users/jenpz/Documents/Ders/ele432/quartus projects/pre3/datapath.sv Line: 56
    Info (12023): Found entity 4: extend File: C:/Users/jenpz/Documents/Ders/ele432/quartus projects/pre3/datapath.sv Line: 63
    Info (12023): Found entity 5: flopenr File: C:/Users/jenpz/Documents/Ders/ele432/quartus projects/pre3/datapath.sv Line: 75
    Info (12023): Found entity 6: flopr File: C:/Users/jenpz/Documents/Ders/ele432/quartus projects/pre3/datapath.sv Line: 79
    Info (12023): Found entity 7: mux2 File: C:/Users/jenpz/Documents/Ders/ele432/quartus projects/pre3/datapath.sv Line: 83
    Info (12023): Found entity 8: mux3 File: C:/Users/jenpz/Documents/Ders/ele432/quartus projects/pre3/datapath.sv Line: 87
Info (12021): Found 4 design units, including 4 entities, in source file controller.sv
    Info (12023): Found entity 1: controller File: C:/Users/jenpz/Documents/Ders/ele432/quartus projects/pre3/controller.sv Line: 1
    Info (12023): Found entity 2: mainfsm File: C:/Users/jenpz/Documents/Ders/ele432/quartus projects/pre3/controller.sv Line: 38
    Info (12023): Found entity 3: aludec File: C:/Users/jenpz/Documents/Ders/ele432/quartus projects/pre3/controller.sv Line: 94
    Info (12023): Found entity 4: instrdec File: C:/Users/jenpz/Documents/Ders/ele432/quartus projects/pre3/controller.sv Line: 122
Info (12127): Elaborating entity "top" for the top level hierarchy
Info (12128): Elaborating entity "riscv" for hierarchy "riscv:rv" File: C:/Users/jenpz/Documents/Ders/ele432/quartus projects/pre3/top.sv Line: 9
Info (12128): Elaborating entity "controller" for hierarchy "riscv:rv|controller:c" File: C:/Users/jenpz/Documents/Ders/ele432/quartus projects/pre3/riscv.sv Line: 18
Info (12128): Elaborating entity "mainfsm" for hierarchy "riscv:rv|controller:c|mainfsm:fsm" File: C:/Users/jenpz/Documents/Ders/ele432/quartus projects/pre3/controller.sv Line: 21
Info (12128): Elaborating entity "aludec" for hierarchy "riscv:rv|controller:c|aludec:ad" File: C:/Users/jenpz/Documents/Ders/ele432/quartus projects/pre3/controller.sv Line: 27
Info (12128): Elaborating entity "instrdec" for hierarchy "riscv:rv|controller:c|instrdec:id" File: C:/Users/jenpz/Documents/Ders/ele432/quartus projects/pre3/controller.sv Line: 32
Info (12128): Elaborating entity "datapath" for hierarchy "riscv:rv|datapath:dp" File: C:/Users/jenpz/Documents/Ders/ele432/quartus projects/pre3/riscv.sv Line: 26
Info (12128): Elaborating entity "flopenr" for hierarchy "riscv:rv|datapath:dp|flopenr:pcreg" File: C:/Users/jenpz/Documents/Ders/ele432/quartus projects/pre3/datapath.sv Line: 15
Info (12128): Elaborating entity "mux2" for hierarchy "riscv:rv|datapath:dp|mux2:adrmux" File: C:/Users/jenpz/Documents/Ders/ele432/quartus projects/pre3/datapath.sv Line: 16
Info (12128): Elaborating entity "flopr" for hierarchy "riscv:rv|datapath:dp|flopr:oldpcreg" File: C:/Users/jenpz/Documents/Ders/ele432/quartus projects/pre3/datapath.sv Line: 19
Info (12128): Elaborating entity "regfile" for hierarchy "riscv:rv|datapath:dp|regfile:rf" File: C:/Users/jenpz/Documents/Ders/ele432/quartus projects/pre3/datapath.sv Line: 22
Info (12128): Elaborating entity "extend" for hierarchy "riscv:rv|datapath:dp|extend:ext" File: C:/Users/jenpz/Documents/Ders/ele432/quartus projects/pre3/datapath.sv Line: 23
Info (12128): Elaborating entity "mux3" for hierarchy "riscv:rv|datapath:dp|mux3:srcamux" File: C:/Users/jenpz/Documents/Ders/ele432/quartus projects/pre3/datapath.sv Line: 29
Info (12128): Elaborating entity "alu" for hierarchy "riscv:rv|datapath:dp|alu:alu_unit" File: C:/Users/jenpz/Documents/Ders/ele432/quartus projects/pre3/datapath.sv Line: 32
Info (12128): Elaborating entity "mem" for hierarchy "mem:memory" File: C:/Users/jenpz/Documents/Ders/ele432/quartus projects/pre3/top.sv Line: 10
Warning (10850): Verilog HDL warning at top.sv(22): number of words (21) in memory file does not match the number of elements in the address range [0:63] File: C:/Users/jenpz/Documents/Ders/ele432/quartus projects/pre3/top.sv Line: 22
Warning (276020): Inferred RAM node "riscv:rv|datapath:dp|regfile:rf|rf_rtl_0" from synchronous design logic.  Pass-through logic has been added to match the read-during-write behavior of the original design.
Warning (276020): Inferred RAM node "riscv:rv|datapath:dp|regfile:rf|rf_rtl_1" from synchronous design logic.  Pass-through logic has been added to match the read-during-write behavior of the original design.
Info (276014): Found 1 instances of uninferred RAM logic
    Info (276007): RAM logic "mem:memory|RAM" is uninferred due to asynchronous read logic File: C:/Users/jenpz/Documents/Ders/ele432/quartus projects/pre3/top.sv Line: 19
Warning (127007): Memory Initialization File or Hexadecimal (Intel-Format) File "C:/Users/jenpz/Documents/Ders/ele432/quartus projects/pre3/db/MultiCycleRiscV_pre3.ram0_mem_1c3ed.hdl.mif" contains "don't care" values -- overwriting them with 0s
Info (19000): Inferred 2 megafunctions from design logic
    Info (276029): Inferred altsyncram megafunction from the following design logic: "riscv:rv|datapath:dp|regfile:rf|rf_rtl_0" 
        Info (286033): Parameter OPERATION_MODE set to DUAL_PORT
        Info (286033): Parameter WIDTH_A set to 32
        Info (286033): Parameter WIDTHAD_A set to 5
        Info (286033): Parameter NUMWORDS_A set to 32
        Info (286033): Parameter WIDTH_B set to 32
        Info (286033): Parameter WIDTHAD_B set to 5
        Info (286033): Parameter NUMWORDS_B set to 32
        Info (286033): Parameter ADDRESS_ACLR_A set to NONE
        Info (286033): Parameter OUTDATA_REG_B set to UNREGISTERED
        Info (286033): Parameter ADDRESS_ACLR_B set to NONE
        Info (286033): Parameter OUTDATA_ACLR_B set to NONE
        Info (286033): Parameter ADDRESS_REG_B set to CLOCK0
        Info (286033): Parameter INDATA_ACLR_A set to NONE
        Info (286033): Parameter WRCONTROL_ACLR_A set to NONE
    Info (276029): Inferred altsyncram megafunction from the following design logic: "riscv:rv|datapath:dp|regfile:rf|rf_rtl_1" 
        Info (286033): Parameter OPERATION_MODE set to DUAL_PORT
        Info (286033): Parameter WIDTH_A set to 32
        Info (286033): Parameter WIDTHAD_A set to 5
        Info (286033): Parameter NUMWORDS_A set to 32
        Info (286033): Parameter WIDTH_B set to 32
        Info (286033): Parameter WIDTHAD_B set to 5
        Info (286033): Parameter NUMWORDS_B set to 32
        Info (286033): Parameter ADDRESS_ACLR_A set to NONE
        Info (286033): Parameter OUTDATA_REG_B set to UNREGISTERED
        Info (286033): Parameter ADDRESS_ACLR_B set to NONE
        Info (286033): Parameter OUTDATA_ACLR_B set to NONE
        Info (286033): Parameter ADDRESS_REG_B set to CLOCK0
        Info (286033): Parameter INDATA_ACLR_A set to NONE
        Info (286033): Parameter WRCONTROL_ACLR_A set to NONE
Info (12130): Elaborated megafunction instantiation "riscv:rv|datapath:dp|regfile:rf|altsyncram:rf_rtl_0"
Info (12133): Instantiated megafunction "riscv:rv|datapath:dp|regfile:rf|altsyncram:rf_rtl_0" with the following parameter:
    Info (12134): Parameter "OPERATION_MODE" = "DUAL_PORT"
    Info (12134): Parameter "WIDTH_A" = "32"
    Info (12134): Parameter "WIDTHAD_A" = "5"
    Info (12134): Parameter "NUMWORDS_A" = "32"
    Info (12134): Parameter "WIDTH_B" = "32"
    Info (12134): Parameter "WIDTHAD_B" = "5"
    Info (12134): Parameter "NUMWORDS_B" = "32"
    Info (12134): Parameter "ADDRESS_ACLR_A" = "NONE"
    Info (12134): Parameter "OUTDATA_REG_B" = "UNREGISTERED"
    Info (12134): Parameter "ADDRESS_ACLR_B" = "NONE"
    Info (12134): Parameter "OUTDATA_ACLR_B" = "NONE"
    Info (12134): Parameter "ADDRESS_REG_B" = "CLOCK0"
    Info (12134): Parameter "INDATA_ACLR_A" = "NONE"
    Info (12134): Parameter "WRCONTROL_ACLR_A" = "NONE"
Info (12021): Found 1 design units, including 1 entities, in source file db/altsyncram_d2k1.tdf
    Info (12023): Found entity 1: altsyncram_d2k1 File: C:/Users/jenpz/Documents/Ders/ele432/quartus projects/pre3/db/altsyncram_d2k1.tdf Line: 28
Info (286030): Timing-Driven Synthesis is running
Info (17049): 4 registers lost all their fanouts during netlist optimizations.
Info (144001): Generated suppressed messages file C:/Users/jenpz/Documents/Ders/ele432/quartus projects/pre3/output_files/MultiCycleRiscV_pre3.map.smsg
Info (16010): Generating hard_block partition "hard_block:auto_generated_inst"
    Info (16011): Adding 0 node(s), including 0 DDIO, 0 PLL, 0 transceiver and 0 LCELL
Info (21057): Implemented 3620 device resources after synthesis - the final resource count might be different
    Info (21058): Implemented 2 input pins
    Info (21059): Implemented 65 output pins
    Info (21061): Implemented 3489 logic cells
    Info (21064): Implemented 64 RAM segments
Info: Quartus Prime Analysis & Synthesis was successful. 0 errors, 5 warnings
    Info: Peak virtual memory: 4927 megabytes
    Info: Processing ended: Tue Apr 28 18:26:45 2026
    Info: Elapsed time: 00:00:30
    Info: Total CPU time (on all processors): 00:00:26


+------------------------------------------+
; Analysis & Synthesis Suppressed Messages ;
+------------------------------------------+
The suppressed messages can be found in C:/Users/jenpz/Documents/Ders/ele432/quartus projects/pre3/output_files/MultiCycleRiscV_pre3.map.smsg.


