Flow report for hw2
Fri Apr 24 00:25:03 2026
Quartus Prime Version 25.1std.0 Build 1129 10/21/2025 SC Lite Edition


---------------------
; Table of Contents ;
---------------------
  1. Legal Notice
  2. Flow Summary
  3. Flow Settings
  4. Flow Non-Default Global Settings
  5. Flow Elapsed Time
  6. Flow OS Summary
  7. Flow Log
  8. Flow Messages
  9. Flow Suppressed Messages



----------------
; Legal Notice ;
----------------
Copyright (C) 2025  Altera Corporation. All rights reserved.
Your use of Altera Corporation's design tools, logic functions 
and other software and tools, and any partner logic 
functions, and any output files from any of the foregoing 
(including device programming or simulation files), and any 
associated documentation or information are expressly subject 
to the terms and conditions of the Altera Program License 
Subscription Agreement, the Altera Quartus Prime License Agreement,
the Altera IP License Agreement, or other applicable license
agreement, including, without limitation, that your use is for
the sole purpose of programming logic devices manufactured by
Altera and sold by Altera or its authorized distributors.  Please
refer to the Altera Software License Subscription Agreements 
on the Quartus Prime software download page.



+-----------------------------------------------------------------------------------+
; Flow Summary                                                                      ;
+---------------------------------+-------------------------------------------------+
; Flow Status                     ; Successful - Fri Apr 24 00:25:03 2026           ;
; Quartus Prime Version           ; 25.1std.0 Build 1129 10/21/2025 SC Lite Edition ;
; Revision Name                   ; hw2                                             ;
; Top-level Entity Name           ; controller                                      ;
; Family                          ; Cyclone V                                       ;
; Device                          ; 5CGXFC7C6F23I7                                  ;
; Timing Models                   ; Final                                           ;
; Logic utilization (in ALMs)     ; 18 / 56,480 ( < 1 % )                           ;
; Total registers                 ; 12                                              ;
; Total pins                      ; 30 / 268 ( 11 % )                               ;
; Total virtual pins              ; 0                                               ;
; Total block memory bits         ; 0 / 7,024,640 ( 0 % )                           ;
; Total DSP Blocks                ; 0 / 156 ( 0 % )                                 ;
; Total HSSI RX PCSs              ; 0 / 6 ( 0 % )                                   ;
; Total HSSI PMA RX Deserializers ; 0 / 6 ( 0 % )                                   ;
; Total HSSI TX PCSs              ; 0 / 6 ( 0 % )                                   ;
; Total HSSI PMA TX Serializers   ; 0 / 6 ( 0 % )                                   ;
; Total PLLs                      ; 0 / 13 ( 0 % )                                  ;
; Total DLLs                      ; 0 / 4 ( 0 % )                                   ;
+---------------------------------+-------------------------------------------------+


+-----------------------------------------+
; Flow Settings                           ;
+-------------------+---------------------+
; Option            ; Setting             ;
+-------------------+---------------------+
; Start date & time ; 04/24/2026 00:22:18 ;
; Main task         ; Compilation         ;
; Revision Name     ; hw2                 ;
+-------------------+---------------------+


+------------------------------------------------------------------------------------------------------------------------------------------------------+
; Flow Non-Default Global Settings                                                                                                                     ;
+--------------------------------------+---------------------------------------------+---------------+-------------+-----------------------------------+
; Assignment Name                      ; Value                                       ; Default Value ; Entity Name ; Section Id                        ;
+--------------------------------------+---------------------------------------------+---------------+-------------+-----------------------------------+
; COMPILER_SIGNATURE_ID                ; 220005226516828.177697933821512             ; --            ; --          ; --                                ;
; EDA_DESIGN_INSTANCE_NAME             ; NA                                          ; --            ; --          ; testbench                         ;
; EDA_GENERATE_FUNCTIONAL_NETLIST      ; Off                                         ; --            ; --          ; eda_board_design_timing           ;
; EDA_GENERATE_FUNCTIONAL_NETLIST      ; Off                                         ; --            ; --          ; eda_board_design_boundary_scan    ;
; EDA_GENERATE_FUNCTIONAL_NETLIST      ; Off                                         ; --            ; --          ; eda_board_design_signal_integrity ;
; EDA_GENERATE_FUNCTIONAL_NETLIST      ; Off                                         ; --            ; --          ; eda_board_design_symbol           ;
; EDA_NATIVELINK_SIMULATION_TEST_BENCH ; testbench                                   ; --            ; --          ; eda_simulation                    ;
; EDA_OUTPUT_DATA_FORMAT               ; Verilog Hdl                                 ; --            ; --          ; eda_simulation                    ;
; EDA_SIMULATION_TOOL                  ; Questa Altera FPGA (Verilog)                ; <None>        ; --          ; --                                ;
; EDA_TEST_BENCH_ENABLE_STATUS         ; TEST_BENCH_MODE                             ; --            ; --          ; eda_simulation                    ;
; EDA_TEST_BENCH_FILE                  ; ELE432_controller_testbenchsv_14-04-2026.sv ; --            ; --          ; testbench                         ;
; EDA_TEST_BENCH_MODULE_NAME           ; testbench                                   ; --            ; --          ; testbench                         ;
; EDA_TEST_BENCH_NAME                  ; testbench                                   ; --            ; --          ; eda_simulation                    ;
; EDA_TIME_SCALE                       ; 1 ps                                        ; --            ; --          ; eda_simulation                    ;
; MAX_CORE_JUNCTION_TEMP               ; 100                                         ; --            ; --          ; --                                ;
; MIN_CORE_JUNCTION_TEMP               ; -40                                         ; --            ; --          ; --                                ;
; PARTITION_COLOR                      ; -- (Not supported for targeted family)      ; --            ; controller  ; Top                               ;
; PARTITION_FITTER_PRESERVATION_LEVEL  ; -- (Not supported for targeted family)      ; --            ; controller  ; Top                               ;
; PARTITION_NETLIST_TYPE               ; -- (Not supported for targeted family)      ; --            ; controller  ; Top                               ;
; POWER_BOARD_THERMAL_MODEL            ; None (CONSERVATIVE)                         ; --            ; --          ; --                                ;
; POWER_PRESET_COOLING_SOLUTION        ; 23 MM HEAT SINK WITH 200 LFPM AIRFLOW       ; --            ; --          ; --                                ;
; PROJECT_OUTPUT_DIRECTORY             ; output_files                                ; --            ; --          ; --                                ;
; TOP_LEVEL_ENTITY                     ; controller                                  ; hw2           ; --          ; --                                ;
+--------------------------------------+---------------------------------------------+---------------+-------------+-----------------------------------+


+--------------------------------------------------------------------------------------------------------------------------+
; Flow Elapsed Time                                                                                                        ;
+----------------------+--------------+-------------------------+---------------------+------------------------------------+
; Module Name          ; Elapsed Time ; Average Processors Used ; Peak Virtual Memory ; Total CPU Time (on all processors) ;
+----------------------+--------------+-------------------------+---------------------+------------------------------------+
; Analysis & Synthesis ; 00:00:25     ; 1.0                     ; 4896 MB             ; 00:00:17                           ;
; Fitter               ; 00:01:17     ; 1.0                     ; 7444 MB             ; 00:03:19                           ;
; Assembler            ; 00:00:35     ; 1.0                     ; 5368 MB             ; 00:00:09                           ;
; Timing Analyzer      ; 00:00:23     ; 1.1                     ; 5427 MB             ; 00:00:05                           ;
; EDA Netlist Writer   ; 00:00:18     ; 1.0                     ; 4769 MB             ; 00:00:01                           ;
; Total                ; 00:02:58     ; --                      ; --                  ; 00:03:51                           ;
+----------------------+--------------+-------------------------+---------------------+------------------------------------+


+------------------------------------------------------------------------------------+
; Flow OS Summary                                                                    ;
+----------------------+------------------+------------+------------+----------------+
; Module Name          ; Machine Hostname ; OS Name    ; OS Version ; Processor type ;
+----------------------+------------------+------------+------------+----------------+
; Analysis & Synthesis ; msicýefe         ; Windows 10 ; 10.0       ; x86_64         ;
; Fitter               ; msicýefe         ; Windows 10 ; 10.0       ; x86_64         ;
; Assembler            ; msicýefe         ; Windows 10 ; 10.0       ; x86_64         ;
; Timing Analyzer      ; msicýefe         ; Windows 10 ; 10.0       ; x86_64         ;
; EDA Netlist Writer   ; msicýefe         ; Windows 10 ; 10.0       ; x86_64         ;
+----------------------+------------------+------------+------------+----------------+


------------
; Flow Log ;
------------
quartus_map --read_settings_files=on --write_settings_files=off hw2 -c hw2
quartus_fit --read_settings_files=off --write_settings_files=off hw2 -c hw2
quartus_asm --read_settings_files=off --write_settings_files=off hw2 -c hw2
quartus_sta hw2 -c hw2
quartus_eda --read_settings_files=off --write_settings_files=off hw2 -c hw2



